// Jest Snapshot v1, https://goo.gl/fbAQLP

exports[`transform-yaml 1`] = `
Object {
  "fruits": Array [
    "apple",
    "banana",
    "cherry",
  ],
}
`;
